#-----------------------------------------------------------
# Vivado v2019.1 (64-bit)
# SW Build 2552052 on Fri May 24 14:49:42 MDT 2019
# IP Build 2548770 on Fri May 24 18:01:18 MDT 2019
# Start of session at: Wed Oct  2 19:31:39 2024
# Process ID: 2696
# Current directory: C:/Users/mamon/Documents/ITMO/HDL/activecore/designs/rtl/udm/syn/NEXYS4_DDR
# Command line: vivado.exe -gui_launcher_event rodinguilauncherevent2424 C:\Users\mamon\Documents\ITMO\HDL\activecore\designs\rtl\udm\syn\NEXYS4_DDR\NEXYS4_DDR.xpr
# Log file: C:/Users/mamon/Documents/ITMO/HDL/activecore/designs/rtl/udm/syn/NEXYS4_DDR/vivado.log
# Journal file: C:/Users/mamon/Documents/ITMO/HDL/activecore/designs/rtl/udm/syn/NEXYS4_DDR\vivado.jou
#-----------------------------------------------------------
start_gui
open_project C:/Users/mamon/Documents/ITMO/HDL/activecore/designs/rtl/udm/syn/NEXYS4_DDR/NEXYS4_DDR.xpr
reset_run synth_1
launch_runs synth_1 -jobs 4
wait_on_run synth_1
reset_run synth_1
launch_runs synth_1 -jobs 4
wait_on_run synth_1
launch_runs impl_1 -jobs 4
wait_on_run impl_1
open_run synth_1 -name synth_1
